2026-02-04 10:28:29 
2026-02-04 11:16:36 
2026-02-04 11:16:36 
2026-02-04 11:16:37 
2026-02-04 11:16:37 
2026-02-04 11:16:38 
2026-02-04 11:16:38 
2026-02-04 11:30:40 
2026-02-04 11:56:59 {"ResponseCode":1037,"ResponseDescription":"Timeout: User unreachable.","MerchantRequestID":"97d1-4cb3-b051-43b8a760efc43241986","CheckoutRequestID":"ws_CO_04022026115653410740770212","TransactionID":"PLFX0402202611565590422","TransactionAmount":20,"TransactionReceipt":"N\/A","TransactionDate":"20260204115655","TransactionReference":"Hotspot Payment","Msisdn":"254740770212"}
2026-02-04 11:59:05 {"ResponseCode":1037,"ResponseDescription":"Timeout: User unreachable.","MerchantRequestID":"54e9-4595-b44d-0cfacb40ab8a230512","CheckoutRequestID":"ws_CO_04022026115901869740770212","TransactionID":"PLFX0402202611590231786","TransactionAmount":20,"TransactionReceipt":"N\/A","TransactionDate":"20260204115902","TransactionReference":"Hotspot Payment","Msisdn":"254740770212"}
2026-02-04 12:02:45 {"ResponseCode":1037,"ResponseDescription":"Timeout: User unreachable.","MerchantRequestID":"81d0-4b06-9b45-45aaebeb9c5b2480429","CheckoutRequestID":"ws_CO_04022026120227860740770212","TransactionID":"PLFX0402202612022835836","TransactionAmount":20,"TransactionReceipt":"N\/A","TransactionDate":"20260204120228","TransactionReference":"Hotspot Payment","Msisdn":"254740770212"}
2026-02-04 12:03:26 {"ResponseCode":1037,"ResponseDescription":"Timeout: User unreachable.","MerchantRequestID":"e88c-4e18-a447-965a6429bce843913","CheckoutRequestID":"ws_CO_04022026120301895740770212","TransactionID":"PLFX0402202612030217572","TransactionAmount":20,"TransactionReceipt":"N\/A","TransactionDate":"20260204120302","TransactionReference":"Hotspot Payment","Msisdn":"254740770212"}
2026-02-04 12:17:35 {"ResponseCode":0,"ResponseDescription":"Success","MerchantRequestID":"79ce-41fa-8a9e-fc8e9b15bd212089254","CheckoutRequestID":"ws_CO_04022026121716872740770212","TransactionID":"PLFX0402202612171629276","TransactionAmount":20,"TransactionReceipt":"UB4015Q9C9","TransactionDate":"20260204121716","TransactionReference":"Hotspot Payment","Msisdn":"254740770212"}
2026-02-04 12:20:40 {"ResponseCode":0,"ResponseDescription":"Success","MerchantRequestID":"5975-45f4-9e44-3b3bbf67cf8216556","CheckoutRequestID":"ws_CO_04022026122020209740770212","TransactionID":"PLFX0402202612202097364","TransactionAmount":20,"TransactionReceipt":"UB4015Q86H","TransactionDate":"20260204122020","TransactionReference":"Hotspot Payment","Msisdn":"254740770212"}
2026-02-04 12:29:01 {"ResponseCode":0,"ResponseDescription":"Success","MerchantRequestID":"c5b8-4c85-ac6a-c5eb0baf3d08766281","CheckoutRequestID":"ws_CO_04022026122845640740770212","TransactionID":"PLFX0402202612284532322","TransactionAmount":20,"TransactionReceipt":"UB4015QDTL","TransactionDate":"20260204122845","TransactionReference":"Hotspot Payment","Msisdn":"254740770212"}
2026-02-04 12:31:51 {"ResponseCode":0,"ResponseDescription":"Success","MerchantRequestID":"79ce-41fa-8a9e-fc8e9b15bd212118431","CheckoutRequestID":"ws_CO_04022026123135823740770212","TransactionID":"PLFX0402202612313623812","TransactionAmount":20,"TransactionReceipt":"UB4015Q9K1","TransactionDate":"20260204123136","TransactionReference":"Hotspot Payment","Msisdn":"254740770212"}
2026-02-04 12:37:55 {"ResponseCode":1037,"ResponseDescription":"Timeout: User unreachable.","MerchantRequestID":"79ce-41fa-8a9e-fc8e9b15bd212128407","CheckoutRequestID":"ws_CO_04022026123750870740770212","TransactionID":"PLFX0402202612375173957","TransactionAmount":20,"TransactionReceipt":"N\/A","TransactionDate":"20260204123751","TransactionReference":"Hotspot Payment","Msisdn":"254740770212"}
2026-02-04 12:38:00 {"ResponseCode":0,"ResponseDescription":"Success","MerchantRequestID":"c5b8-4c85-ac6a-c5eb0baf3d08781165","CheckoutRequestID":"ws_CO_04022026123747502740770212","TransactionID":"PLFX0402202612374710967","TransactionAmount":20,"TransactionReceipt":"UB4015QGEQ","TransactionDate":"20260204123747","TransactionReference":"Hotspot Payment","Msisdn":"254740770212"}
2026-02-04 12:40:20 {"ResponseCode":1037,"ResponseDescription":"Timeout: User unreachable.","MerchantRequestID":"5975-45f4-9e44-3b3bbf67cf8252885","CheckoutRequestID":"ws_CO_04022026123950437740770212","TransactionID":"PLFX0402202612395183150","TransactionAmount":20,"TransactionReceipt":"N\/A","TransactionDate":"20260204123951","TransactionReference":"Hotspot Payment","Msisdn":"254740770212"}
2026-02-04 12:41:33 
2026-02-04 12:41:34 
2026-02-04 12:41:36 
2026-02-04 12:41:36 
2026-02-04 12:41:37 
2026-02-04 12:41:37 
2026-02-04 12:41:37 
2026-02-04 12:41:37 
2026-02-04 12:41:38 
2026-02-04 12:41:38 
2026-02-04 12:41:45 
2026-02-04 12:41:46 
2026-02-04 12:41:47 
2026-02-04 12:41:52 
2026-02-04 12:41:53 
2026-02-04 13:29:38 
2026-02-04 13:59:46 {"ResponseCode":0,"ResponseDescription":"Success","MerchantRequestID":"f1b3-498e-bae3-1c098a4e9d8c1960819","CheckoutRequestID":"ws_CO_04022026135927040740770212","TransactionID":"PLFX0402202613592884306","TransactionAmount":20,"TransactionReceipt":"UB4015QQ1Z","TransactionDate":"20260204135928","TransactionReference":"Hotspot Payment","Msisdn":"254740770212"}
2026-02-04 14:09:46 {"ResponseCode":0,"ResponseDescription":"Success","MerchantRequestID":"594c-47b6-9fbc-7119325a99f3288094","CheckoutRequestID":"ws_CO_04022026140923081740770212","TransactionID":"PLFX0402202614092392450","TransactionAmount":20,"TransactionReceipt":"UB4015QKFV","TransactionDate":"20260204140923","TransactionReference":"Hotspot Payment","Msisdn":"254740770212"}
2026-02-04 14:14:29 {"ResponseCode":0,"ResponseDescription":"Success","MerchantRequestID":"1a52-441b-9e42-e389b681bc97244781","CheckoutRequestID":"ws_CO_04022026141407375740770212","TransactionID":"PLFX0402202614140837022","TransactionAmount":20,"TransactionReceipt":"UB4015QOOW","TransactionDate":"20260204141408","TransactionReference":"Hotspot Payment","Msisdn":"254740770212"}
2026-02-04 14:17:44 {"ResponseCode":0,"ResponseDescription":"Success","MerchantRequestID":"5975-45f4-9e44-3b3bbf67cf82251443","CheckoutRequestID":"ws_CO_04022026141731442740770212","TransactionID":"PLFX0402202614173169201","TransactionAmount":20,"TransactionReceipt":"UB4015QKJZ","TransactionDate":"20260204141731","TransactionReference":"Hotspot Payment","Msisdn":"254740770212"}
2026-02-04 14:19:59 {"ResponseCode":0,"ResponseDescription":"Success","MerchantRequestID":"2cf5-4900-af02-c0955276734c255556","CheckoutRequestID":"ws_CO_04022026141946493740770212","TransactionID":"PLFX0402202614194618686","TransactionAmount":20,"TransactionReceipt":"UB4015QORL","TransactionDate":"20260204141946","TransactionReference":"Hotspot Payment","Msisdn":"254740770212"}
2026-02-04 14:23:02 {"ResponseCode":0,"ResponseDescription":"Success","MerchantRequestID":"97d1-4cb3-b051-43b8a760efc43580078","CheckoutRequestID":"ws_CO_04022026142238220118577786","TransactionID":"PLFX0402202614223896105","TransactionAmount":20,"TransactionReceipt":"UB4LG5NNGD","TransactionDate":"20260204142238","TransactionReference":"Hotspot Payment","Msisdn":"254118577786"}
2026-02-04 14:29:23 {"ResponseCode":0,"ResponseDescription":"Success","MerchantRequestID":"df36-49ed-b1a6-fbfdd8676abf2026165","CheckoutRequestID":"ws_CO_04022026142911913740770212","TransactionID":"PLFX0402202614291186235","TransactionAmount":20,"TransactionReceipt":"UB4015QM7O","TransactionDate":"20260204142911","TransactionReference":"Hotspot Payment","Msisdn":"254740770212"}
2026-02-04 15:19:28 {"ResponseCode":1037,"ResponseDescription":"Timeout: User unreachable.","MerchantRequestID":"357d-4dc7-9eaf-088f96a820233615901","CheckoutRequestID":"ws_CO_04022026151923008117274309","TransactionID":"PLFX0402202615192515156","TransactionAmount":20,"TransactionReceipt":"N\/A","TransactionDate":"20260204151925","TransactionReference":"Hotspot Payment","Msisdn":"254117274309"}
2026-02-04 15:19:51 {"ResponseCode":1037,"ResponseDescription":"Timeout: User unreachable.","MerchantRequestID":"b400-4a03-af10-89c1d7bcaca386215","CheckoutRequestID":"ws_CO_04022026151947975117274309","TransactionID":"PLFX0402202615194790052","TransactionAmount":20,"TransactionReceipt":"N\/A","TransactionDate":"20260204151947","TransactionReference":"Hotspot Payment","Msisdn":"254117274309"}
2026-02-04 15:20:15 {"ResponseCode":1037,"ResponseDescription":"Timeout: User unreachable.","MerchantRequestID":"0941-4345-b742-5718ea29abb5454614","CheckoutRequestID":"ws_CO_04022026152011622117274309","TransactionID":"PLFX0402202615201114946","TransactionAmount":20,"TransactionReceipt":"N\/A","TransactionDate":"20260204152011","TransactionReference":"Hotspot Payment","Msisdn":"254117274309"}
2026-02-04 18:47:26 {"ResponseCode":0,"ResponseDescription":"Success","MerchantRequestID":"0941-4345-b742-5718ea29abb5968017","CheckoutRequestID":"ws_CO_04022026184709616740770212","TransactionID":"PLFX0402202618470919701","TransactionAmount":20,"TransactionReceipt":"UB4015RIKQ","TransactionDate":"20260204184709","TransactionReference":"Hotspot Payment","Msisdn":"254740770212"}
2026-02-04 19:07:01 {"ResponseCode":1032,"ResponseDescription":"Cancelled by user.","MerchantRequestID":"594c-47b6-9fbc-7119325a99f31028038","CheckoutRequestID":"ws_CO_04022026190653877740770212","TransactionID":"PLFX0402202619065349241","TransactionAmount":20,"TransactionReceipt":"N\/A","TransactionDate":"20260204190653","TransactionReference":"Hotspot Payment","Msisdn":"254740770212"}
2026-02-05 07:44:27 {"ResponseCode":0,"ResponseDescription":"Success","MerchantRequestID":"a8dd-4a20-86e6-86896bdc6e91332803","CheckoutRequestID":"ws_CO_05022026074409864700329100","TransactionID":"PLFX0502202607441076634","TransactionAmount":20,"TransactionReceipt":"UB5PY5LEW4","TransactionDate":"20260205074410","TransactionReference":"Hotspot Payment","Msisdn":"254700329100"}
2026-02-05 08:02:47 {"ResponseCode":0,"ResponseDescription":"Success","MerchantRequestID":"594c-47b6-9fbc-7119325a99f32320970","CheckoutRequestID":"ws_CO_05022026080227816740770212","TransactionID":"PLFX0502202608022853999","TransactionAmount":20,"TransactionReceipt":"UB5015T4HM","TransactionDate":"20260205080228","TransactionReference":"H-Payment","Msisdn":"254740770212"}
2026-02-05 08:18:50 {"ResponseCode":0,"ResponseDescription":"Success","MerchantRequestID":"b25a-4868-82f7-1e765d647d0334364","CheckoutRequestID":"ws_CO_05022026081833200740770212","TransactionID":"PLFX0502202608183398560","TransactionAmount":10,"TransactionReceipt":"UB5015T0IU","TransactionDate":"20260205081833","TransactionReference":"H-Payment","Msisdn":"254740770212"}
2026-02-05 08:30:13 {"ResponseCode":0,"ResponseDescription":"Success","MerchantRequestID":"3e20-4e79-8245-24b41c5f2c591233285","CheckoutRequestID":"ws_CO_05022026082956701740770212","TransactionID":"PLFX0502202608295856162","TransactionAmount":50,"TransactionReceipt":"UB5015T79D","TransactionDate":"20260205082958","TransactionReference":"H-Payment","Msisdn":"254740770212"}
